
H2 Input

The first thing an interpreter must be able to do is to take in the user's code
and data inputI{input}, whether from the keyboard or from a source file.  K{read}
represents the interpreter's main input facility. The K{read-} procedures read
from standard input, or--if a port is provided--from the port's channel.

The main input procedures, K{read} and the non-standard K{parse}, do more than
just read in the text of code and data: they also E{parse} the input into an
E{internal representation} that the evaluator can use.

h3 The parsing process

W{Parsing}{Parsing}I{parsing}, or syntactic analysis, is analyzing a sequence of
letters, digits, and other characters, a piece of text conforming to the rules of E{external
  representation}I{external representation}. The result of parsing is an
  E{expression}I{expression} in E{internal representation}.

h4 External representation

The external representation is a 'recipe' for an expression that expresses it in
a unique way. 

For example, the external representation for a vector is a pound sign (K{#}), a
left parenthesis (K{(}), the external representation for some values, and a right
parenthesis (K{)}). When the reader or parser is working through input, a K{#(}
symbol signals that a vector structure is being read. A number of subexpressions
for the elements of the vector follow, and then a closing parenthesis K{)}
signals that the vector is done. The elements are saved in vector memory and the
vector gets the address to the first element and the number of elements.

IG /images/vector-representation.png

The K{parse} or K{read} procedure takes in the input buffer character by
character, matching each character against a fitting external representation.
When done, it creates a ConsTcl object, which is the internal representation of
an expression.  The object can then be passed to the evaluator.

Given a string, K{parse} creates a string input port for itself to read from. It
then parses the input and produces the internal representation of an expression.

Example:

VB(
% ::constcl::parse "(+ 2 3)"
::oo::Obj491
VB)

Here, K{parse} parsed the external representation of a list with three elements,
+, 2, and 3. It produced the expression that has an internal representation
labeled K{::oo::Obj491}. I will now reach briefly into the following chapters
and present procedures like K{eval}, which transforms an expression into a
value, and K{write}, which writes a printed external representation of
expressions and values. Putting them together we can see

VB(
% ::constcl::write ::oo::Obj491
(+ 2 3)
% ::constcl::eval ::oo::Obj491
::oo::Obj494
% ::constcl::write ::oo::Obj494
5
VB)

Fortunately, we don't E{have} to work at such a low level. We can use the
K{repl}I{repl} instead:

VB(
ConsTcl> (+ 2 3)
5
VB)

Then, parsing and evaluation and writing goes on in the background and the
internal representations of expressions and values are hidden.

Anyway, the figure shows what it really looks like. K{::oo::Obj491} was just
the head of the list.

IF /images/intreplist.png The internal structure of the expression

h3 Input procedures

PT(
H5 Ports

Ports are an abstraction of the input or output mechanism. An input port can be
connected to standard input (the keyboard) or a file
  opened for input or a string input buffer where the complete available input
  is laid out before reading starts. Regardless of what kind of input port it
  is, one can read characters from it until it runs out and signals end-of-file.
  Likewise, an output port, regardless of whether it's the standard output--the
  screen--or a file opened for output, will receive characters sent to it.

PT)

H4 parse procedure

K{parse} can be called with either a string input port or a Tcl or ConsTcl
string (which it uses to open a string input port). Once the input port is
established, K{parse} leaves control to S{read-expr}{readexpr-procedure}.

PR(
parse (internal);inp tstrstrinpbuf -> expr
PR)

CB(
reg parse

proc ::constcl::parse {inp} {
  set c {}
  set unget {}
  if {[info object isa object $inp]} {
    if {[T [typeof? $inp StringInputPort]]} {
      set port $inp
    } elseif {[T [typeof? $inp String]]} {
      set port [StringInputPort new [$inp value]]
    } else {
      ::error "Unknown object [$inp show]"
    }
  } else {
    # It's a Tcl string, we hope
    set port [StringInputPort new $inp]
  }
  set oldport $::constcl::Input_port
  set ::constcl::Input_port $port
  set expr [read-expr]
  set ::constcl::Input_port $oldport
  return $expr
}
CB)

TT(
::tcltest::test read-1.0 {try parse in ConsTcl} -body {
  pew {(parse "42")}
} -output "42\n"

::tcltest::test read-1.1 {try parse with StringInputPort buffer} -body {
  pw [::constcl::StringInputPort new "42"]
} -output "42\n"

::tcltest::test read-1.2 {try parse with string} -body {
  pw "42"
} -output "42\n"
TT)

H4 read procedure

The standard builtin K{read} reads an input port the same way that K{parse}
does, but one can't pass a string to it. The K{read-} procedures parse their
input and produce ConsTcl objects.

One can pass a port to K{read} (including a string input port) in which case
K{read} sets the standard input port temporarily to the provided port. If not,
K{read} uses the default standard input port (usually the keyboardF{which doesn't work in a Windows
  windowing environment, e.g. wish or tkcon. repl does work in those, though.
  Input works in tclsh on Windows.}).

PR(
read (public);?port? iport -> expr
PR)

CB(
reg read

proc ::constcl::read {args} {
  set c {}
  set unget {}
  set oldport $::constcl::Input_port
  if {[llength $args]} {
    lassign $args port
    set ::constcl::Input_port $port
  }
  set expr [read-expr]
  set ::constcl::Input_port $oldport
  return $expr
}
CB)

TT(
::tcltest::test input-2.0 {try read} -setup {
  ::tcltest::makeFile {99 foo} input.txt
  set p [pe "(open-input-file \"input.txt\")"]
} -body {
  ::constcl::display [::constcl::read $p]
  ::constcl::display [::constcl::read $p]
} -cleanup {
  ::constcl::close-input-port $p
  ::tcltest::removeFile input.txt
} -output "99foo"

TT)

h3 Input helper procedures

H4 make-constant procedure

The K{make-constant} helper procedure is called to set expressions to constants
when read as a literal.

CB(
proc ::constcl::make-constant {val} {
  if {[T [pair? $val]]} {
    $val mkconstant
    make-constant [car $val]
    make-constant [cdr $val]
  } elseif {[T [null? $val]]} {
    return #NIL
  } else {
    $val mkconstant
  }
}
CB)

TT(
::tcltest::test input-3.0 {try make-constant} -setup {
} -body {
  set a [p {'(a b c)}]
  set b [p {`(a b c)}]
  set c [p {'#(a b c)}]
  set d [p {"a b c"}]
    puts [[::constcl::cadr $a] constant]
    puts [[::constcl::cadr $b] constant]
    puts [[::constcl::cadr $c] constant]
    puts [$d constant]
} -cleanup {
} -output "1\n1\n1\n1\n"

TT)

H4 interspace? procedure

The K{interspace?} helper procedure recognizes whitespace between value
representations.

CB(
proc ::constcl::interspace? {c} {
  if {[::string is space $c]} {
    return #t
  } else {
    return #f
  }
}
CB)

TT(
# 4
TT)

H4 delimiter? procedure

The K{delimiter?} helper procedure recognizes delimiter characters between value
representations.

CB(
proc ::constcl::delimiter? {c} {
  if {$c in {( ) ; \" ' ` | [ ] \{ \}}} {
    return #t
  } else {
    return #f
  }
}
CB)

TT(
::tcltest::test input-5.0 {try delimiter?} -setup {
} -body {
  pew {(let ((name "Max")) (list"Hi"name(+ 1 2)))}
} -cleanup {
} -output "(\"Hi\" \"Max\" 3)\n"

#"

TT)

H4 valid-char? procedure

The K{valid-char?} helper procedure compares a potential
character constant to the valid kinds.

PR(
valid-char? (internal);name tstr -> bool
PR)

CB(
proc ::constcl::valid-char? {name} {
  if {[regexp {(?i)^#\\([[:graph:]]|space|newline)$} \
      $name]} {
    return #t
  } else {
    return #f
  }
}
CB)

TT(
# 6
TT)

H4 readchar procedure

K{readchar} reads one character from the K{unget} store if it isn't empty or else
from the input port. If the input is at end-of-file, an K{#EOF} object is
returned.  Shares the variable K{unget} with its caller.

PR(
readchar (internal);-> tchreof
PR)

CB(
proc ::constcl::readchar {} {
  upvar unget unget
  if {$unget ne {}} {
    set c $unget
    set unget {}
  } else {
    set c [$::constcl::Input_port get]
    if {[$::constcl::Input_port eof]} {
      return #EOF
    }
  }
  return $c
}
CB)

TT(
# 7
TT)

H4 find-char? procedure

K{find-char?} reads ahead through whitespace to find a given character. It
returns K{#t} if it has found the character, and K{#f} if it has stopped at some
other character.  Returns end of file if eof is encountered.  Shares the
variables K{c} and  K{unget} with its caller.

PR(
find-char? (internal);char tchr -> booleof
PR)

CB(
proc ::constcl::find-char? {char} {
  upvar c c unget unget
  while {[::string is space -strict $c]} {
    set c [readchar]
    read-eof $c
    set unget $c
  }
  expr {($c eq $char) ? "#t" : "#f"}
}
CB)

TT(
# 8
TT)

H4 read-end? procedure

K{read-end?} reads one character and returns K{#t} if it is an interspace
character or a delimiter character, or end of file. Otherwise it returns K{#f}.
It ungets the character before returning.  Shares the variables K{c} and
K{unget} with its caller.

PR(
read-end? (internal);-> booleof
PR)

CB(
proc ::constcl::read-end? {} {
  upvar c c unget unget
  set c [readchar]
  if {[T [interspace? $c]] ||
      [T [delimiter? $c]] ||
      $c eq "#EOF"} {
    set unget $c
    return #t
  } else {
    set unget $c
    return #f
  }
}
CB)

TT(
# 9
TT)

H4 skip-ws procedure

K{skip-ws} skips whitespace and comments (the K{;} to end of line kind). It
leaves the first character not to be skipped in K{c} and also ungets it.  Shares
the variables K{c} and K{unget} with its caller.

PR(
skip-ws (internal);-> none
PR)

CB(
proc ::constcl::skip-ws {} {
  upvar c c unget unget
  while true {
    switch -regexp $c {
      {[[:space:]]} {
        set c [readchar]
      }
      {;} {
        while {$c ne "\n" && $c ne "#EOF"}  {
          set c [readchar]
        }
      }
      default {
        set unget $c
        return
      }
    }
  }
}
CB)

TT(
# 10
TT)

H4 read-eof procedure

K{read-eof} checks a number of presumed characters for possible end-of-file
objects. If it finds one, it returns E{from its caller} with the EOF value.

PR(
read-eof (internal);chars chars -> none
PR)

CB(
proc ::constcl::read-eof {args} {
  set chars $args
  foreach char $chars {
    if {$char eq "#EOF"} {
      return -level 1 -code return #EOF
    }
  }
}
CB)

TT(
# 11
TT)

h3 Reader procedures

Reader procedures specialize in reading a certain kind of input, except for
K{read-expr} which reads them all (with a little help).

H4 read-expr procedure

The K{read-expr} procedure reads the first available character from the input
port. Based on that it delegates to one of the more detailed readers, producing
an expression of any kind.  A Tcl character value can be passed to it: that
character will be used first before reading from the input.  If end of file is
encountered before an expression can be read in full, the procedure returns end
of file (K{#EOF})I{end of file}.  Shares the variables K{c} and K{unget} with
its caller.

PR(
read-expr (internal);?char? tchr -> expreof
PR)

CB(
proc ::constcl::read-expr {args} {
  upvar c c unget unget
  if {[llength $args]} {
    lassign $args c
  } else {
    set c [readchar]
  }
  set unget {}
  read-eof $c
  if {[::string is space $c] || $c eq ";"} {
    skip-ws
    read-eof $c
  }
  switch -regexp $c {
    {\"}          { read-string-expr }
    {\#}          { read-pound }
    {\'}          { read-quoted-expr }
    {\(}          { read-pair-expr ")" }
    {\+} - {\-}   { read-plus-minus $c }
    {\,}          { read-unquoted-expr }
    {\.} {
        set x [Dot new]; set c [readchar]; set x
    }
    {\:}          { read-object-expr }
    {\[}          { read-pair-expr "\]" }
    {\`}          { read-quasiquoted-expr }
    {\d}          { read-number-expr $c }
    {^$}          { return }
    {[[:graph:]]} { read-identifier-expr $c }
    default {
      read-eof $c
      ::error "unexpected character ($c)"
    }
  }
}
CB)

TT(
::tcltest::test read-12.0 {try read-expr on dot expr} -setup {
    ::tcltest::makeFile {  a . b } testrr.lsp
    set p [pe {(open-input-file "testrr.lsp")}]
} -body {
    rw $p
    rw $p
    rw $p
} -cleanup {
    ::constcl::close-input-port $p
    ::tcltest::removeFile testrr.lsp
} -output "a\n.\nb\n"

::tcltest::test read-12.1 {try read-expr} -setup {
    ::tcltest::makeFile {"foo" #(a b) #t #f #\A 'foo (a b) -99 + - ,foo
      [a b] `foo 93 foo} testrr.lsp
    set p [pe {(open-input-file "testrr.lsp")}]
} -body {
  set x [r $p]
  while {$x ne "#EOF"} {
    w $x
    set x [r $p]
  }
} -cleanup {
    ::constcl::close-input-port $p
    ::tcltest::removeFile testrr.lsp
} -output "\"foo\"\n#(a b)\n#t\n#f\n#\\A\n(quote foo)\n(a b)\n-99\n+\n-\n(unquote foo)\n(a b)\n(quasiquote foo)\n93\nfoo\n"

TT)

H4 read-character-expr procedure

K{read-character-expr} is activated by K{read-pound} when that procedure finds a
backslash in the input stream (pound-backslash is the external representation
prefix for characters). It reads one or more characters to produce a character
expression and return a R{Char object}{characters}.  Shares the variables K{c}
and K{unget} with its caller.

PR(
read-character-expr (internal);-> chareof
PR)

CB(
proc ::constcl::read-character-expr {} {
  upvar c c unget unget
  set name "#\\"
  set c [readchar]
  read-eof $c
  while {![T [delimiter? $c]] &&
      [::string is graph $c] &&
      $c ne "#EOF"} {
    ::append name $c
    set c [readchar]
  }
  check {valid-char? $name} {
      Invalid character constant $name
  }
  set expr [MkChar $name]
  read-eof $expr
  return $expr
}
CB)

TT(

::tcltest::test read-13.0 {try reading a character} -body {
    ::constcl::display [p {#\A}]
    ::constcl::display [p "#\\space"]
    ::constcl::display [p "#\\newline"]
} -output "A \n"

::tcltest::test read-13.3 {try reading a character} -body {
    set expr [p "#\\foobar"]
    $expr char
} -returnCodes error -result "Invalid character constant #\\foobar"

::tcltest::test read-13.4 {try read-expr on characters} -setup {
    ::tcltest::makeFile {  #\A  #\space} testrr.lsp
    set p [pe {(open-input-file "testrr.lsp")}]
} -body {
    rw $p
    rw $p
} -cleanup {
    ::constcl::close-input-port $p
    ::tcltest::removeFile testrr.lsp
} -output "#\\A\n#\\space\n"

TT)

H4 read-identifier-expr procedure

K{read-identifier-expr} is activated for 'anything else', and takes in
characters until it finds whitespace or a delimiter character. If it
is passed one or more characters it will use them before consuming any from
input. It checks the input against the rules for identifiers, accepting or
rejecting it with an error message. It returns a R{Symbol object}{symbols}.
Shares the variables K{c} and K{unget} with its caller.

PR(
read-identifier-expr (internal);?chars? tchrs -> symeof
PR)

CB(
proc ::constcl::read-identifier-expr {args} {
  upvar c c unget unget
  set unget {}
  if {[llength $args]} {
    set c [join $args {}]
  } else {
    set c [readchar]
  }
  read-eof $c
  set name {}
  while {[::string is graph -strict $c]} {
    if {$c eq "#EOF" || [T [interspace? $c]] ||
      [T [delimiter? $c]]} {
      break
    }
    ::append name $c
    set c [readchar]
    # do not check for EOF here
  }
  if {$c ne "#EOF"} {
    set unget $c
  }
  read-eof $name
  # idcheck throws error if invalid identifier
  idcheck $name
  return [S $name]
}
CB)

TT(

::tcltest::test read-14.0 {try reading an identifier} {
    set expr [p "foo"]
    $expr name
} "foo"

::tcltest::test read-14.1 {try reading an identifier} -body {
    set expr [p "let"]
    ::constcl::varcheck [$expr name]
} -returnCodes error -result "Variable name is reserved: let"

::tcltest::test read-14.2 {try read-expr on identifiers} -setup {
    ::tcltest::makeFile {  foo    bar } testrr.lsp
    set p [pe {(open-input-file "testrr.lsp")}]
} -body {
    rw $p
    rw $p
} -cleanup {
    ::constcl::close-input-port $p
    ::tcltest::removeFile testrr.lsp
} -output "foo\nbar\n"

TT)

H4 read-number-expr procedure

K{read-number-expr} reads numerical input, both integers and floating point
numbers. It is activated by K{read-expr} or K{read-plus-minus} if they encounter
digits, and it actually takes in anything that starts out like a number and
stops at whitespace or a delimiter character, and then it accepts or rejects the
input by comparing it to a Tcl double. It returns a R{Number object}{numbers}.
Shares the variables K{c} and K{unget} with its caller.

PR(
read-number-expr (internal);?char? tchr -> numeof
PR)

CB(
proc ::constcl::read-number-expr {args} {
  upvar c c unget unget
  set unget {}
  if {[llength $args]} {
    lassign $args c
  } else {
    set c [readchar]
  }
  read-eof $c
  while {[interspace? $c] ne "#t" && $c ne "#EOF" &&
      ![T [delimiter? $c]]} {
    ::append num $c
    set c [readchar]
  }
  set unget $c
  check {::string is double -strict $num} {
      Invalid numeric constant $num
  }
  set expr [N $num]
  return $expr
}
CB)

TT(
::tcltest::test read-15.0 {try reading a number} {
    [p "99.99"] numval
} "99.99"

::tcltest::test read-15.1 {try reading a number} {
    [p "     99.99"] numval
} "99.99"

::tcltest::test read-15.2 {try reading a number} {
    [p "     9"] numval
} "9"

::tcltest::test read-15.3 {try reading a number} {
    [p "     +9"] numval
} "9"

::tcltest::test read-15.4 {try reading a number} {
    [p "     -9"] numval
} "-9"

::tcltest::test read-15.5 {try read-expr on numeric expr} -setup {
    ::tcltest::makeFile {  99 } testrr.lsp
    set p [pe {(open-input-file "testrr.lsp")}]
} -body {
    rw $p
} -cleanup {
    ::constcl::close-input-port $p
    ::tcltest::removeFile testrr.lsp
} -output "99\n"

TT)

H4 read-object-expr procedure

A non-standard extension, K{read-object-expr} reads a ConsTcl object of any kind
and passes its name along. It is activated when K{read-expr} finds a colon in
the input.
Shares the variables K{c} and K{unget} with its caller.

PR(
read-object-expr (internal);-> objeof
PR)

CB(
proc ::constcl::read-object-expr {} {
  upvar c c unget unget
  # first colon has already been read
  foreach ch [split ":oo::Obj" {}] {
    set c [readchar]
    read-eof $c
    if {$c ne $ch} {
      error "bad object name"
    }
  }
  set res "::oo::Obj"
  set c [readchar]
  read-eof $c
  while {[::string is digit $c]} {
    ::append res $c
    set c [readchar]
    read-eof $c
  }
  set unget $c
  return $res
}
CB)

H4 read-pair-expr procedure

The K{read-pair-expr} procedure reads everything between two matching
parentheses, or, as the case might be, brackets. It produces either an empty
list, or a possibly recursive structure of R{Pair objects}{pairs-and-lists},
either a proper list (one that ends in K{#NIL}), or an improper one (one that
has an atom as its last member).
Shares the variables K{c} and K{unget} with its caller.

IF /images/prop-improp.png A proper list and two improper ones.

PR(
read-pair-expr (internal);char pterm -> pstreof
PR)

CB(
proc ::constcl::read-pair-expr {char} {
  upvar c c unget unget
  set unget {}
  set expr [read-pair $char]
  read-eof $expr
  if {$c ne $char} {
    if {$char eq ")"} {
      ::error \
        "Missing right paren. ($c)."
    } else {
      ::error \
        "Missing right bracket ($c)."
    }
  } else {
    set unget {}
    set c [readchar]
  }
  return $expr
}
CB)

B{read-pair} procedure

K{read-pair} is a helper procedure that does the heavy lifting in reading a pair
structure. First it checks if the list is empty, returning K{#NIL} in that case.
Otherwise it reads the first element in the list and then repeatedly the rest of
them. If it reads a Dot object, the following element to be read is the tail
end of an improper list. When K{read-pair} has reached the ending parenthesis or
bracket, it conses up the elements starting from the last, and returns the head
of the list.
Shares the variables K{c} and K{unget} with its caller.

PR(
read-pair (internal);char pterm -> pstreof
PR)

IX read-pair
CB(
proc ::constcl::read-pair {char} {
  upvar c c unget unget
  set c [readchar]
  read-eof $c
  if {[T [find-char? $char]]} {
    # read right paren/brack
    #set c [readchar]
    return #NIL
  }
  set a [read-expr $c]
  set res $a
  skip-ws
  set prev #NIL
  while {[find-char? $char] eq "#f"} {
    set x [read-expr $c]
    skip-ws
    read-eof $c
    if {[T [dot? $x]]} {
      set prev [read-expr $c]
      skip-ws
      read-eof $c
    } else {
      lappend res $x
    }
    if {[llength $res] > 99} break
  }
  # read right paren/brack
  foreach r [lreverse $res] {
    set prev [cons $r $prev]
  }
  return $prev
}
CB)

TT(
::tcltest::test read-16.0 {try reading an improper list} -body {
    pw "(a . b)"
} -output "(a . b)\n"

::tcltest::test read-16.1 {try reading an improper list} -body {
    pw "(a b . c)"
} -output "(a b . c)\n"

::tcltest::test read-16.2 {try reading a list} -body {
    set expr [p "(a (b))"]
    [::constcl::caadr $expr] name
} -result "b"

::tcltest::test read-16.3 {try reading a list} -body {
    pw "(a)"
} -output "(a)\n"

::tcltest::test read-16.4 {try reading a list} -body {
    pw "(a b)"
} -output "(a b)\n"

::tcltest::test read-16.5 {try reading a list} -body {
    pw "(a (b) )"
} -output "(a (b))\n"

::tcltest::test read-16.6 {try reading a list} -body {
    pw "(a (b))"
} -output "(a (b))\n"

::tcltest::test read-16.7 {try read-expr on pair expr} -setup {
    ::tcltest::makeFile {  (a b c)  ((a b) c)} testrr.lsp
    set p [pe {(open-input-file "testrr.lsp")}]
} -body {
    rw $p
} -cleanup {
    ::constcl::close-input-port $p
    ::tcltest::removeFile testrr.lsp
} -output "(a b c)\n"

::tcltest::test read-16.8 {try read-expr on pair expr} -setup {
    ::tcltest::makeFile {  ([d e] f)} testrr.lsp
    set p [pe {(open-input-file "testrr.lsp")}]
} -body {
    rw $p
} -cleanup {
    ::constcl::close-input-port $p
    ::tcltest::removeFile testrr.lsp
} -output "((d e) f)\n"

::tcltest::test read-16.9 {try read-expr on pair expr} -setup {
    ::tcltest::makeFile {  (def ghi (jkl mno))} testrr.lsp
    set p [pe {(open-input-file "testrr.lsp")}]
} -body {
    rw $p
} -cleanup {
    ::constcl::close-input-port $p
    ::tcltest::removeFile testrr.lsp
} -output "(def ghi (jkl mno))\n"

TT)

H4 read-plus-minus procedure

K{read-plus-minus} is called when a plus or minus is found in the input stream.
The plus or minus character is passed to it.  If the next character is a digit,
it delegates to the number reader. If it is a space character or a delimiter, it
returns a K{+} or K{-} symbol. Otherwise, it delegates to the identifier reader.
Shares the variables K{c} and K{unget} with its caller.

PR(
read-plus-minus (internal);char tchr -> pmeof
PR)

CB(
proc ::constcl::read-plus-minus {char} {
  upvar c c unget unget
  set unget {}
  set c [readchar]
  read-eof $c
  if {[::string is digit -strict $c]} {
    set n [read-number-expr $c]
    read-eof $n
    if {$char eq "-"} {
      set n [- $n]
    }
    return $n
  } elseif {[::string is space -strict $c] ||
      [T [delimiter? $c]]} {
    if {$char eq "+"} {
      return [S "+"]
    } else {
      return [S "-"]
    }
  } else {
    set n [read-identifier-expr $char $c]
    read-eof $n
    return $n
  }
}
CB)

TT(
::tcltest::test read-17.0 {try reading a number} {
    set obj [::constcl::parse "     - "]
    $obj name
} "-"

::tcltest::test read-17.1 {try reading a number} {
    set obj [::constcl::parse "     + "]
    $obj name
} "+"

::tcltest::test read-17.2 {try read-expr on plus/minus} -setup {
    ::tcltest::makeFile {  +  -  -99} testrr.lsp
    set p [pe {(open-input-file "testrr.lsp")}]
} -body {
    rw $p
    rw $p
    rw $p
} -cleanup {
    ::constcl::close-input-port $p
    ::tcltest::removeFile testrr.lsp
} -output "+\n-\n-99\n"
TT)

H4 read-pound procedure

K{read-pound} is activated by K{read-expr} when it reads a pound sign (K{#}). It
in turn either delegates to the vector reader or the character reader, or
returns boolean literals.
Shares the variables K{c} and K{unget} with its caller.

PR(
read-pound (internal);-> poundeof
PR)

CB(
proc ::constcl::read-pound {} {
  upvar c c unget unget
  set unget {}
  set c [readchar]
  read-eof $c
  switch $c {
    (    { set n [read-vector-expr] }
    t    { if {[T [read-end?]]} {set n #t} }
    f    { if {[T [read-end?]]} {set n #f} }
    "\\" { set n [read-character-expr] }
    default {
      ::error "Illegal #-literal: #$c"
    }
  }
  return $n
}
CB)

TT(

::tcltest::test read-18.0 {try read-expr on booleans} -setup {
    ::tcltest::makeFile {  #t  #f} testrr.lsp
    set p [pe {(open-input-file "testrr.lsp")}]
} -body {
    rw $p
    rw $p
} -cleanup {
    ::constcl::close-input-port $p
    ::tcltest::removeFile testrr.lsp
} -output "#t\n#f\n"

TT)

H4 read-quasiquoted-expr procedure

K{read-quasiquoted-expr} is activated when there is a backquote (K{`}) in the
input stream. It reads an entire expression and returns it wrapped in
K{quasiquote}.  Shares the variables K{c} and K{unget} with its caller.

PR(
read-quasiquoted-expr (internal);-> qquoteeof
PR)

CB(
proc ::constcl::read-quasiquoted-expr {} {
  upvar c c unget unget
  set unget {}
  set expr [read-expr]
  read-eof $expr
  make-constant $expr
  return [list [S quasiquote] $expr]
}
CB)

TT(

::tcltest::test read-19.0 {try reading quasiquoted expression} -body {
    pw "`(list 1 2 ,@foo)"
} -output "(quasiquote (list 1 2 (unquote-splicing foo)))\n"

::tcltest::test read-19.1 {try read-expr on quasiquoted expr} -setup {
    ::tcltest::makeFile {  `(a b) } testrr.lsp
    set p [pe {(open-input-file "testrr.lsp")}]
} -body {
    rw $p
} -cleanup {
    ::constcl::close-input-port $p
    ::tcltest::removeFile testrr.lsp
} -output "(quasiquote (a b))\n"

TT)

H4 read-quoted-expr procedure

K{read-quoted-expr} is activated by K{read-expr} when reading a single quote (').
It then reads an entire expression beyond that, returning it wrapped in a list
with K{quote}. The quoted expression is made constant.
Shares the variables K{c} and K{unget} with its caller.

PR(
read-quoted-expr (internal);-> quoteeof
PR)

CB(
proc ::constcl::read-quoted-expr {} {
  upvar c c unget unget
  set unget {}
  set expr [read-expr]
  read-eof $expr
  make-constant $expr
  return [list [S quote] $expr]
}
CB)

TT(

::tcltest::test read-20.0 {try reading quoted symbol} -body {
    pw "'foo"
} -output "(quote foo)\n"

::tcltest::test read-20.1 {try modifying quoted list} -body {
    pew "(define a '(a b c))"
    pew "(list-set! a 1 'x)"
} -returnCodes error -result "Can't modify a constant pair"

::tcltest::test read-20.2 {try read-expr on quoted expr} -setup {
    ::tcltest::makeFile {  'foo } testrr.lsp
    set p [pe {(open-input-file "testrr.lsp")}]
} -body {
    rw $p
} -cleanup {
    ::constcl::close-input-port $p
    ::tcltest::removeFile testrr.lsp
} -output "(quote foo)\n"

TT)

H4 read-string-expr procedure

K{read-string-expr} is activated by K{read-expr} when it reads a double quote.
It collects characters until it reaches another (unescaped) double quote. To
have double quotes in the string, escape them with backslash (which also means
that backslashes have to be escaped with backslash). A backslash+n pair of
characters denotes a newline (this is a ConsTcl extension). It then returns a
string expression--an immutable R{String object}{strings}.
Shares the variables K{c} and K{unget} with its caller.

PR(
read-string-expr (internal);-> streof
PR)

CB(
proc ::constcl::read-string-expr {} {
  upvar c c unget unget
  set str {}
  set c [readchar]
  read-eof $c
  while {$c ne "\"" && $c ne "#EOF"} {
    if {$c eq "\\"} {
      ::append str $c
      set c [readchar]
    }
    ::append str $c
    set c [readchar]
  }
  if {$c eq "#EOF"} {
    error "bad string (no ending double quote)"
  }
  set c [readchar]
  set expr [MkString $str]
  read-eof $expr
  make-constant $expr
  return $expr
}
CB)

TT(

::tcltest::test read-21.0 {try reading a string} {
    set expr [p {"foo bar"}]
    $expr value
} "foo bar"

::tcltest::test read-21.1 {try reading a string} {
    set expr [p {"\"foo\" \\ bar"}]
    $expr value
} {"foo" \ bar}

::tcltest::test read-21.2 {try reading a string} {
    set expr [p {"\"foo\" \\ bar"}]
    $expr external
} {"\"foo\" \\ bar"}

::tcltest::test read-21.3 {try read-expr on a string} -setup {
    ::tcltest::makeFile {"foo bar"  } testrr.lsp
    set p [pe {(open-input-file "testrr.lsp")}]
} -body {
    rw $p
} -cleanup {
    ::constcl::close-input-port $p
    ::tcltest::removeFile testrr.lsp
} -output "\"foo bar\"\n"

::tcltest::test read-21.4 {try read-expr on a string/eof} -setup {
    ::tcltest::makeFile {"foo } testrr.lsp ; #"
    set p [pe {(open-input-file "testrr.lsp")}]
} -body {
    rw $p
} -cleanup {
    ::constcl::close-input-port $p
    ::tcltest::removeFile testrr.lsp
} -returnCodes error -result {bad string (no ending double quote)}

TT)

H4 read-unquoted-expr procedure

When a comma is found in the input stream, K{read-unquoted-expr} is activated.
If it reads an at-sign (K{@}) it selects the symbol K{unquote-splicing}, otherwise
it selects the symbol K{unquote}. Then it reads an entire expression and returns
it wrapped in the selected symbol. Both of these expressions are only supposed
to occur inside a quasiquoted expression.
Shares the variables K{c} and K{unget} with its caller.

PR(
read-unquoted-expr (internal);-> unquoteeof
PR)

CB(
proc ::constcl::read-unquoted-expr {} {
  upvar c c unget unget
  set unget {}
  set c [readchar]
  read-eof $c
  if {$c eq "@"} {
    set symbol "unquote-splicing"
    set expr [read-expr]
  } else {
    set symbol "unquote"
    set expr [read-expr $c]
  }
  read-eof $expr
  return [list [S $symbol] $expr]
}
CB)

TT(

::tcltest::test read-22.0 {try reading unquoted symbol} -body {
    pw ",foo"
} -output "(unquote foo)\n"

::tcltest::test read-22.2 {try read-expr on unquoted expr} -setup {
    ::tcltest::makeFile {  ,foo ,@bar} testrr.lsp
    set p [pe {(open-input-file "testrr.lsp")}]
} -body {
    rw $p
    rw $p
} -cleanup {
    ::constcl::close-input-port $p
    ::tcltest::removeFile testrr.lsp
} -output "(unquote foo)\n(unquote-splicing bar)\n"

TT)

H4 read-vector-expr procedure

K{read-vector-expr} is activated by K{read-pound} and reads a number of
expressions until it finds an ending parenthesis.  It produces a vector
expression and returns a R{Vector object}{vectors}.
Shares the variables K{c} and K{unget} with its caller.

PR(
read-vector-expr (internal);-> veceof
PR)

CB(
proc ::constcl::read-vector-expr {} {
  upvar c c unget unget
  set res {}
  set last {}
  set c [readchar]
  while {$c ne "#EOF" && $c ne ")"} {
    set e [cons [read-expr $c] #NIL]
    if {$res eq {}} {
      set res $e
      set last $e
    } else {
      set-cdr! $last $e
      set last $e
    }
    skip-ws
    read-eof $c
  }
  if {$c ne ")"} {
    ::error "Missing right paren. ($c)."
  }
  set unget {}
  set c [readchar]
  set expr [MkVector $res]
  read-eof $expr
  $expr mkconstant
  return $expr
}
CB)

TT(

::tcltest::test read-23.0 {try reading a vector} -body {
    pew "'#(1 2 3)"
} -output "#(1 2 3)\n"

::tcltest::test read-23.1 {try reading a vector, with non-normal expression} -body {
    pew "'#(1 2 (+ 1 2))"
} -output "#(1 2 (+ 1 2))\n"

::tcltest::test read-23.2 {try read-expr on a couple of vectors} -setup {
    ::tcltest::makeFile {  #(1 2 3)  #(11 22 33)} testrr.lsp
    set p [pe {(open-input-file "testrr.lsp")}]
} -body {
    rw $p
    rw $p
} -cleanup {
    ::constcl::close-input-port $p
    ::tcltest::removeFile testrr.lsp
} -output "#(1 2 3)\n#(11 22 33)\n"

TT)

# vim: ft=tcl tw=80 ts=2 sw=2 sts=2 et 
